#-----------------------------------------------------------
# Vivado v2020.2 (64-bit)
# SW Build 3064766 on Wed Nov 18 09:12:45 MST 2020
# IP Build 3064653 on Wed Nov 18 14:17:31 MST 2020
# Start of session at: Wed Mar 17 15:18:54 2021
# Process ID: 18260
# Current directory: E:/FEKT VUT/FEKT VUT 4/BPC-DE1/Git/Digital-electronics-1/Labs/05-counter/counter
# Command line: vivado.exe -gui_launcher_event rodinguilauncherevent20088 E:\FEKT VUT\FEKT VUT 4\BPC-DE1\Git\Digital-electronics-1\Labs\05-counter\counter\counter.xpr
# Log file: E:/FEKT VUT/FEKT VUT 4/BPC-DE1/Git/Digital-electronics-1/Labs/05-counter/counter/vivado.log
# Journal file: E:/FEKT VUT/FEKT VUT 4/BPC-DE1/Git/Digital-electronics-1/Labs/05-counter/counter\vivado.jou
#-----------------------------------------------------------
start_gui
open_project {E:/FEKT VUT/FEKT VUT 4/BPC-DE1/Git/Digital-electronics-1/Labs/05-counter/counter/counter.xpr}
update_compile_order -fileset sources_1
move_files -fileset sim_1 [get_files  {{E:/FEKT VUT/FEKT VUT 4/BPC-DE1/Git/Digital-electronics-1/Labs/05-counter/counter/counter.srcs/sim_1/new/cnt_up_down.vhd}}]
